10.66.66.254
2ip.ru
5mins.eu
anilibria.tv
bigfangroup.org
bitru.org
botscout.com
cdn-1.strava.com
community.sophos.com
docs.sophos.com
forum.mikrotik.com
forum.zannn.top
getoutline.com
gtorrent.ru
heatmap-external-a.strava.com
isc.sans.edu
limetorrents.lol
linkedin.com
lostfilm.life
lostfilm.tv
maxmind.com
megapeer.vip
mirrorbay.top
new-rutor.org
newstudio.tv
nntt.org
piratebay.army
piratebay.by
piratebay.live
piratebay.party
piratebayproxy.live
piratehaven.xyz
pirate-proxy.date
pirateproxylive.org
pornolampa.art
reddit.com
rutor.info
rutor.is
rutracker.net
rutracker.nl
rutracker.org
rutracker.ru
seedoff.zannn.top
server.appyhapps.nl
server.healthsync.app
server3.healthsync.app
sophos.com
spotify.com
strava.com
support.strava.com
thehiddenbay.com
thepiratebay.cloud
thepiratebay.ninjaproxy1.com
thepiratebay.org
thepiratebay.party
thepiratebay.torrentbay.st
thepiratebay.unblockninja.com
thepiratebay.zone
thepiratebay0.org
thepiratebay10.org
thepiratebaye.org
thepirateproxy.net
torlock2.com
torrent.by
tpb.party
tpb.proxyninja.org
tpb.re
tpb.skynetcloud.site
tpb29.ukpass.co
tpb-proxy.xyz
tpb-visit.me
uniondht.org
ww38.linkidin.com
www.anilibria.tv
www.freebfg.org
www.getoutline.com
www.limetorrents.lol
www.maxmind.com
www.nntt.org
www.reddit.com
www.strava.com
www.torlock2.com
