#rutube
77.220.216.0/20
89.248.230.0/24
185.62.100.0/24
195.246.246.0/21
195.246.248.0/23
217.199.213.0/24
rutube.ru
goya.rutube.ru
cdn-gcore-1.rutube.ru
951222.log.rutube.ru
931221.log.rutube.ru
941221.log.rutube.ru
yast.rutube.ru
log.rutube.ru
bl.rutube.ru
ssp.rutube.ru
pic.rutubelist.ru
static.rutube.ru
test.rutube.ru
cdn-ngenix-2.rtbcdn.ru
salam-mskost-3.rutube.ru
salam-mskugr-11.rutube.ru
river-1.rutube.ru
river-2-103.rtbcdn.ru
river-2-101.rtbcdn.ru
river-2-102.rtbcdn.ru
river-2-106.rtbcdn.ru
river-2-105.rtbcdn.ru
river-2-104.rtbcdn.ru
river-2-201.rtbcdn.ru
river-2-202.rtbcdn.ru
river-2-203.rtbcdn.ru
river-2-205.rtbcdn.ru
river-2-204.rtbcdn.ru
river-2-301.rtbcdn.ru
river-2-306.rtbcdn.ru
river-2-304.rtbcdn.ru
river-2-305.rtbcdn.ru
river-2-303.rtbcdn.ru
river-2-302.rtbcdn.ru
river-3-311.rtbcdn.ru
river-3-327.rtbcdn.ru
river-3-301.rtbcdn.ru
river-3-304.rtbcdn.ru
river-3-303.rtbcdn.ru
river-3-302.rtbcdn.ru
river-3-312.rtbcdn.ru
river-3-313.rtbcdn.ru
river-3-314.rtbcdn.ru
river-3-316.rtbcdn.ru
river-3-318.rtbcdn.ru
river-3-324.rtbcdn.ru
river-3-317.rtbcdn.ru
river-3-325.rtbcdn.ru
river-3-322.rtbcdn.ru
river-3-332.rtbcdn.ru
river-3-330.rtbcdn.ru
river-3-326.rtbcdn.ru
river-3-331.rtbcdn.ru
river-3-328.rtbcdn.ru
river-3-348.rtbcdn.ru
river-3-329.rtbcdn.ru
river-3-319.rtbcdn.ru
river-3-323.rtbcdn.ru
river-3-321.rtbcdn.ru
river-3-320.rtbcdn.ru
river-3-333.rtbcdn.ru
river-3-335.rtbcdn.ru
river-3-334.rtbcdn.ru
river-3-336.rtbcdn.ru
river-3-337.rtbcdn.ru
river-3-338.rtbcdn.ru
river-3-339.rtbcdn.ru
river-3-340.rtbcdn.ru
river-3-341.rtbcdn.ru
river-3-342.rtbcdn.ru
river-3-351.rtbcdn.ru
river-3-350.rtbcdn.ru
river-3-343.rtbcdn.ru
river-3-345.rtbcdn.ru
river-3-347.rtbcdn.ru
river-3-349.rtbcdn.ru
river-3-346.rtbcdn.ru
river-3-344.rtbcdn.ru
river-3-354.rtbcdn.ru
river-3-355.rtbcdn.ru
river-3-352.rtbcdn.ru
river-3-353.rtbcdn.ru
river-5-522.rtbcdn.ru
river-5-524.rtbcdn.ru
river-5-531.rtbcdn.ru
river-5-525.rtbcdn.ru
river-5-521.rtbcdn.ru
river-5-520.rtbcdn.ru
river-5-517.rtbcdn.ru
river-5-515.rtbcdn.ru
river-5-513.rtbcdn.ru
river-5-511.rtbcdn.ru
river-5-512.rtbcdn.ru
river-5-514.rtbcdn.ru
river-5-516.rtbcdn.ru
river-5-519.rtbcdn.ru
river-5-523.rtbcdn.ru
river-5-535.rtbcdn.ru
river-5-529.rtbcdn.ru
river-5-527.rtbcdn.ru
river-5-530.rtbcdn.ru
river-5-534.rtbcdn.ru
river-5-538.rtbcdn.ru
river-5-536.rtbcdn.ru
river-5-539.rtbcdn.ru
river-5-532.rtbcdn.ru
river-5-528.rtbcdn.ru
river-5-533.rtbcdn.ru
river-5-540.rtbcdn.ru
river-5-537.rtbcdn.ru
river-5-526.rtbcdn.ru
river-5-541.rtbcdn.ru
river-5-542.rtbcdn.ru
river-5-543.rtbcdn.ru
river-5-544.rtbcdn.ru
river-5-546.rtbcdn.ru
river-5-545.rtbcdn.ru
river-5-547.rtbcdn.ru
river-5-548.rtbcdn.ru
river-5-549.rtbcdn.ru
river-5-553.rtbcdn.ru
river-5-551.rtbcdn.ru
river-5-550.rtbcdn.ru
river-5-552.rtbcdn.ru
river-5-554.rtbcdn.ru
river-5-556.rtbcdn.ru
river-6-601.rtbcdn.ru
cdn-st.rutubelist.ru
vha.rutube.ru
api.vigo.one
cdn.uxfeedback.ru
pic.rutubelist.ru
